#-----------------------------------------------------------
# Vivado v2016.4 (64-bit)
# SW Build 1756540 on Mon Jan 23 19:11:23 MST 2017
# IP Build 1755317 on Mon Jan 23 20:30:07 MST 2017
# Start of session at: Sun Nov 05 09:20:59 2017
# Process ID: 10980
# Current directory: C:/EmbeddedSoftware/Beamforming/BeamForming
# Command line: vivado.exe -gui_launcher_event rodinguilauncherevent7748 C:\EmbeddedSoftware\Beamforming\BeamForming\BeamForming.xpr
# Log file: C:/EmbeddedSoftware/Beamforming/BeamForming/vivado.log
# Journal file: C:/EmbeddedSoftware/Beamforming/BeamForming\vivado.jou
#-----------------------------------------------------------
start_gui
open_project C:/EmbeddedSoftware/Beamforming/BeamForming/BeamForming.xpr
launch_simulation
launch_simulation
launch_simulation
launch_simulation
launch_simulation
launch_simulation
launch_simulation
source beamforming_control_tb.tcl
run all
run 10 ms
close_sim
launch_simulation
source beamforming_control_tb.tcl
run 10 ms
run 10 ms
run 10 ms
close_sim
launch_simulation
launch_simulation
source beamforming_control_tb.tcl
close_sim
launch_simulation
source beamforming_control_tb.tcl
close_sim
